// Jest Snapshot v1, https://goo.gl/fbAQLP

exports[`Если приложение загрузилось, то компонент Map отрисовался 1`] = `
<section
  className="cities__map map"
  id="map"
/>
`;
