// Jest Snapshot v1, https://goo.gl/fbAQLP

exports[`Если приложение загрузилось, то компонент PlaceCardDetails отрисовался 1`] = `
<main
  className="page__main page__main--property"
>
  <section
    className="property"
  >
    <div
      className="property__gallery-container container"
    >
      <div
        className="property__gallery"
      >
        <div
          className="property__image-wrapper"
        >
          <img
            alt="Amazing and Extremely Central Flat"
            className="property__image"
            src="https://htmlacademy-react-3.appspot.com/six-cities/static/hotel/15.jpg"
          />
        </div>
        <div
          className="property__image-wrapper"
        >
          <img
            alt="Amazing and Extremely Central Flat"
            className="property__image"
            src="https://htmlacademy-react-3.appspot.com/six-cities/static/hotel/10.jpg"
          />
        </div>
        <div
          className="property__image-wrapper"
        >
          <img
            alt="Amazing and Extremely Central Flat"
            className="property__image"
            src="https://htmlacademy-react-3.appspot.com/six-cities/static/hotel/17.jpg"
          />
        </div>
        <div
          className="property__image-wrapper"
        >
          <img
            alt="Amazing and Extremely Central Flat"
            className="property__image"
            src="https://htmlacademy-react-3.appspot.com/six-cities/static/hotel/9.jpg"
          />
        </div>
        <div
          className="property__image-wrapper"
        >
          <img
            alt="Amazing and Extremely Central Flat"
            className="property__image"
            src="https://htmlacademy-react-3.appspot.com/six-cities/static/hotel/11.jpg"
          />
        </div>
        <div
          className="property__image-wrapper"
        >
          <img
            alt="Amazing and Extremely Central Flat"
            className="property__image"
            src="https://htmlacademy-react-3.appspot.com/six-cities/static/hotel/13.jpg"
          />
        </div>
        <div
          className="property__image-wrapper"
        >
          <img
            alt="Amazing and Extremely Central Flat"
            className="property__image"
            src="https://htmlacademy-react-3.appspot.com/six-cities/static/hotel/19.jpg"
          />
        </div>
        <div
          className="property__image-wrapper"
        >
          <img
            alt="Amazing and Extremely Central Flat"
            className="property__image"
            src="https://htmlacademy-react-3.appspot.com/six-cities/static/hotel/7.jpg"
          />
        </div>
        <div
          className="property__image-wrapper"
        >
          <img
            alt="Amazing and Extremely Central Flat"
            className="property__image"
            src="https://htmlacademy-react-3.appspot.com/six-cities/static/hotel/2.jpg"
          />
        </div>
        <div
          className="property__image-wrapper"
        >
          <img
            alt="Amazing and Extremely Central Flat"
            className="property__image"
            src="https://htmlacademy-react-3.appspot.com/six-cities/static/hotel/3.jpg"
          />
        </div>
        <div
          className="property__image-wrapper"
        >
          <img
            alt="Amazing and Extremely Central Flat"
            className="property__image"
            src="https://htmlacademy-react-3.appspot.com/six-cities/static/hotel/16.jpg"
          />
        </div>
        <div
          className="property__image-wrapper"
        >
          <img
            alt="Amazing and Extremely Central Flat"
            className="property__image"
            src="https://htmlacademy-react-3.appspot.com/six-cities/static/hotel/8.jpg"
          />
        </div>
        <div
          className="property__image-wrapper"
        >
          <img
            alt="Amazing and Extremely Central Flat"
            className="property__image"
            src="https://htmlacademy-react-3.appspot.com/six-cities/static/hotel/4.jpg"
          />
        </div>
        <div
          className="property__image-wrapper"
        >
          <img
            alt="Amazing and Extremely Central Flat"
            className="property__image"
            src="https://htmlacademy-react-3.appspot.com/six-cities/static/hotel/5.jpg"
          />
        </div>
      </div>
    </div>
    <div
      className="property__container container"
    >
      <div
        className="property__wrapper"
      >
        <div
          className="property__name-wrapper"
        >
          <h1
            className="property__name"
          >
            Amazing and Extremely Central Flat
          </h1>
          <button
            className="property__bookmark-button button"
            type="button"
          >
            <svg
              className="property__bookmark-icon"
              height="33"
              width="31"
            >
              <use
                xlinkHref="#icon-bookmark"
              />
            </svg>
            <span
              className="visually-hidden"
            >
              To bookmarks
            </span>
          </button>
        </div>
        <div
          className="property__rating rating"
        >
          <div
            className="property__stars rating__stars"
          >
            <span
              style={
                Object {
                  "width": "40%",
                }
              }
            />
            <span
              className="visually-hidden"
            >
              Rating
            </span>
          </div>
          <span
            className="property__rating-value rating__value"
          >
            2.2
          </span>
        </div>
        <ul
          className="property__features"
        >
          <li
            className="property__feature property__feature--entire"
          >
            apartment
          </li>
          <li
            className="property__feature property__feature--bedrooms"
          >
            4
          </li>
          <li
            className="property__feature property__feature--adults"
          />
        </ul>
        <div
          className="property__price"
        >
          <b
            className="property__price-value"
          >
            €
            348
          </b>
          <span
            className="property__price-text"
          >
             night
          </span>
        </div>
        <div
          className="property__inside"
        >
          <h2
            className="property__inside-title"
          >
            What's inside
          </h2>
          <ul
            className="property__inside-list"
          >
            <li
              className="property__inside-item"
            >
              Breakfast
            </li>
            <li
              className="property__inside-item"
            >
              Washer
            </li>
            <li
              className="property__inside-item"
            >
              Laptop friendly workspace
            </li>
          </ul>
        </div>
        <div
          className="property__host"
        >
          <h2
            className="property__host-title"
          >
            Meet the host
          </h2>
          <div
            className="property__host-user user"
          >
            <div
              className="property__avatar-wrapper user__avatar-wrapper property__avatar-wrapper--pro"
            >
              <img
                alt="Angelina"
                className="property__avatar user__avatar"
                height="74"
                src="img/avatar-angelina.jpg"
                width="74"
              />
            </div>
            <span
              className="property__user-name"
            >
              Angelina
            </span>
          </div>
          <div
            className="property__description"
          >
            I am happy to welcome you to my apartment in the city center! Three words: location, cosy and chic!
          </div>
        </div>
      </div>
    </div>
  </section>
  <div
    className="container"
  >
    <section
      className="near-places places"
    >
      <h2
        className="near-places__title"
      >
        Other places in the neighbourhood
      </h2>
    </section>
  </div>
</main>
`;
